// Jest Snapshot v1, https://goo.gl/fbAQLP

exports[`TEST MainPage checks sample page elements 1`] = `
<input
  placeholder="input value..."
  type="text"
/>
`;
